<?xml version="1.0" encoding="UTF-8"?>
<testng-results ignored="0" total="12" passed="12" failed="0" skipped="0">
  <reporter-output>
  </reporter-output>
  <suite started-at="2023-03-23T15:00:45 IST" name="Test case suite Qkart application" finished-at="2023-03-23T15:05:22 IST" duration-ms="276422">
    <groups>
      <group name="Sanity">
        <method signature="QKART_Tests.TestCase01(java.lang.String,java.lang.String)[pri:1, instance:QKART_TESTNG.QKART_Tests@2e6f672e]" name="TestCase01" class="QKART_TESTNG.QKART_Tests"/>
        <method signature="QKART_Tests.TestCase02(java.lang.String,java.lang.String)[pri:2, instance:QKART_TESTNG.QKART_Tests@2e6f672e]" name="TestCase02" class="QKART_TESTNG.QKART_Tests"/>
        <method signature="QKART_Tests.TestCase03(java.lang.String)[pri:3, instance:QKART_TESTNG.QKART_Tests@2e6f672e]" name="TestCase03" class="QKART_TESTNG.QKART_Tests"/>
        <method signature="QKART_Tests.TestCase08(java.lang.String,int)[pri:8, instance:QKART_TESTNG.QKART_Tests@2e6f672e]" name="TestCase08" class="QKART_TESTNG.QKART_Tests"/>
        <method signature="QKART_Tests.TestCase12(java.lang.String,java.lang.String)[pri:12, instance:QKART_TESTNG.QKART_Tests@2e6f672e]" name="TestCase12" class="QKART_TESTNG.QKART_Tests"/>
      </group> <!-- Sanity -->
      <group name="Regression">
        <method signature="QKART_Tests.TestCase10()[pri:9, instance:QKART_TESTNG.QKART_Tests@2e6f672e]" name="TestCase10" class="QKART_TESTNG.QKART_Tests"/>
        <method signature="QKART_Tests.TestCase09()[pri:10, instance:QKART_TESTNG.QKART_Tests@2e6f672e]" name="TestCase09" class="QKART_TESTNG.QKART_Tests"/>
        <method signature="QKART_Tests.TestCase04(java.lang.String)[pri:4, instance:QKART_TESTNG.QKART_Tests@2e6f672e]" name="TestCase04" class="QKART_TESTNG.QKART_Tests"/>
        <method signature="QKART_Tests.TestCase07(java.lang.String,java.lang.String)[pri:7, instance:QKART_TESTNG.QKART_Tests@2e6f672e]" name="TestCase07" class="QKART_TESTNG.QKART_Tests"/>
        <method signature="QKART_Tests.TestCase11(java.lang.String,java.lang.String,java.lang.String)[pri:11, instance:QKART_TESTNG.QKART_Tests@2e6f672e]" name="TestCase11" class="QKART_TESTNG.QKART_Tests"/>
      </group> <!-- Regression -->
    </groups>
    <test started-at="2023-03-23T15:00:45 IST" name="Test case execution on Chrome browser" finished-at="2023-03-23T15:05:22 IST" duration-ms="276422">
      <class name="QKART_TESTNG.QKART_Tests">
        <test-method is-config="true" signature="createDriver()[pri:0, instance:QKART_TESTNG.QKART_Tests@2e6f672e]" started-at="2023-03-23T15:00:40 IST" name="createDriver" finished-at="2023-03-23T15:00:45 IST" duration-ms="5124" status="PASS">
          <reporter-output>
          </reporter-output>
        </test-method> <!-- createDriver -->
        <test-method signature="TestCase05(java.lang.String,java.lang.String,java.lang.String)[pri:0, instance:QKART_TESTNG.QKART_Tests@2e6f672e]" started-at="2023-03-23T15:00:45 IST" name="TestCase05" finished-at="2023-03-23T15:01:10 IST" duration-ms="24525" status="PASS">
          <params>
            <param index="0">
              <value>
                <![CDATA[YONEX Smash Badminton Racquet]]>
              </value>
            </param>
            <param index="1">
              <value>
                <![CDATA[Tan Leatherette Weekender Duffle]]>
              </value>
            </param>
            <param index="2">
              <value>
                <![CDATA[Addr line 1 addr Line 2 addr line ]]>
              </value>
            </param>
          </params>
          <reporter-output>
          </reporter-output>
        </test-method> <!-- TestCase05 -->
        <test-method signature="TestCase06(java.lang.String,java.lang.String)[pri:0, instance:QKART_TESTNG.QKART_Tests@2e6f672e]" started-at="2023-03-23T15:01:10 IST" name="TestCase06" finished-at="2023-03-23T15:01:39 IST" duration-ms="28801" status="PASS">
          <params>
            <param index="0">
              <value>
                <![CDATA[Xtend Smart Watch]]>
              </value>
            </param>
            <param index="1">
              <value>
                <![CDATA[Yarine Floor Lamp]]>
              </value>
            </param>
          </params>
          <reporter-output>
          </reporter-output>
        </test-method> <!-- TestCase06 -->
        <test-method signature="TestCase01(java.lang.String,java.lang.String)[pri:1, instance:QKART_TESTNG.QKART_Tests@2e6f672e]" started-at="2023-03-23T15:01:39 IST" name="TestCase01" description="Verify registration happens correctly" finished-at="2023-03-23T15:01:46 IST" duration-ms="6918" status="PASS">
          <params>
            <param index="0">
              <value>
                <![CDATA[testUser]]>
              </value>
            </param>
            <param index="1">
              <value>
                <![CDATA[abc@123]]>
              </value>
            </param>
          </params>
          <reporter-output>
          </reporter-output>
        </test-method> <!-- TestCase01 -->
        <test-method signature="TestCase02(java.lang.String,java.lang.String)[pri:2, instance:QKART_TESTNG.QKART_Tests@2e6f672e]" started-at="2023-03-23T15:01:46 IST" name="TestCase02" description="Verify re-registering an already registered user fails" finished-at="2023-03-23T15:02:20 IST" duration-ms="34628" status="PASS">
          <params>
            <param index="0">
              <value>
                <![CDATA[testUser]]>
              </value>
            </param>
            <param index="1">
              <value>
                <![CDATA[abc@123]]>
              </value>
            </param>
          </params>
          <reporter-output>
          </reporter-output>
        </test-method> <!-- TestCase02 -->
        <test-method signature="TestCase03(java.lang.String)[pri:3, instance:QKART_TESTNG.QKART_Tests@2e6f672e]" started-at="2023-03-23T15:02:20 IST" name="TestCase03" description="Verify the functionality of search text box" finished-at="2023-03-23T15:02:55 IST" duration-ms="34542" status="PASS">
          <params>
            <param index="0">
              <value>
                <![CDATA[YONEX]]>
              </value>
            </param>
          </params>
          <reporter-output>
          </reporter-output>
        </test-method> <!-- TestCase03 -->
        <test-method signature="TestCase04(java.lang.String)[pri:4, instance:QKART_TESTNG.QKART_Tests@2e6f672e]" started-at="2023-03-23T15:02:55 IST" name="TestCase04" description="Verify the existence of size chart for certain items and validate contents of size chart" finished-at="2023-03-23T15:03:06 IST" duration-ms="11184" status="PASS">
          <params>
            <param index="0">
              <value>
                <![CDATA[Roadster]]>
              </value>
            </param>
          </params>
          <reporter-output>
          </reporter-output>
        </test-method> <!-- TestCase04 -->
        <test-method signature="TestCase07(java.lang.String,java.lang.String)[pri:7, instance:QKART_TESTNG.QKART_Tests@2e6f672e]" started-at="2023-03-23T15:03:06 IST" name="TestCase07" description="Verify that the contents made to the cart are saved against the user&#039;s login details" finished-at="2023-03-23T15:03:28 IST" duration-ms="21559" status="PASS">
          <params>
            <param index="0">
              <value>
                <![CDATA[Stylecon 9 Seater RHS Sofa Set ]]>
              </value>
            </param>
            <param index="1">
              <value>
                <![CDATA[Xtend Smart Watch]]>
              </value>
            </param>
          </params>
          <reporter-output>
          </reporter-output>
        </test-method> <!-- TestCase07 -->
        <test-method signature="TestCase08(java.lang.String,int)[pri:8, instance:QKART_TESTNG.QKART_Tests@2e6f672e]" started-at="2023-03-23T15:03:28 IST" name="TestCase08" description="Verify that insufficient balance error is thrown when the wallet balance is not enough" finished-at="2023-03-23T15:04:33 IST" duration-ms="64997" status="PASS">
          <params>
            <param index="0">
              <value>
                <![CDATA[Stylecon 9 Seater RHS Sofa Set]]>
              </value>
            </param>
            <param index="1">
              <value>
                <![CDATA[9]]>
              </value>
            </param>
          </params>
          <reporter-output>
          </reporter-output>
        </test-method> <!-- TestCase08 -->
        <test-method signature="TestCase10()[pri:9, instance:QKART_TESTNG.QKART_Tests@2e6f672e]" started-at="2023-03-23T15:04:33 IST" name="TestCase10" description="Verify that privacy policy and about us links are working fine" finished-at="2023-03-23T15:04:41 IST" duration-ms="7865" status="PASS">
          <reporter-output>
          </reporter-output>
        </test-method> <!-- TestCase10 -->
        <test-method signature="TestCase09()[pri:10, instance:QKART_TESTNG.QKART_Tests@2e6f672e]" started-at="2023-03-23T15:04:41 IST" name="TestCase09" description="Verify that a product added to a cart is available when a new tab is added" finished-at="2023-03-23T15:04:55 IST" depends-on-methods="QKART_TESTNG.QKART_Tests.TestCase10" duration-ms="14309" status="PASS">
          <reporter-output>
          </reporter-output>
        </test-method> <!-- TestCase09 -->
        <test-method signature="TestCase11(java.lang.String,java.lang.String,java.lang.String)[pri:11, instance:QKART_TESTNG.QKART_Tests@2e6f672e]" started-at="2023-03-23T15:04:55 IST" name="TestCase11" description="Verify that the contact us dialog works fine" finished-at="2023-03-23T15:04:57 IST" duration-ms="2353" status="PASS">
          <params>
            <param index="0">
              <value>
                <![CDATA[crio user]]>
              </value>
            </param>
            <param index="1">
              <value>
                <![CDATA[criouser@gmail.com]]>
              </value>
            </param>
            <param index="2">
              <value>
                <![CDATA[Testing the contact us page]]>
              </value>
            </param>
          </params>
          <reporter-output>
          </reporter-output>
        </test-method> <!-- TestCase11 -->
        <test-method signature="TestCase12(java.lang.String,java.lang.String)[pri:12, instance:QKART_TESTNG.QKART_Tests@2e6f672e]" started-at="2023-03-23T15:04:57 IST" name="TestCase12" description="Ensure that the Advertisement Links on the QKART page are clickable" finished-at="2023-03-23T15:05:22 IST" duration-ms="24352" status="PASS">
          <params>
            <param index="0">
              <value>
                <![CDATA[YONEX Smash Badminton Racquet]]>
              </value>
            </param>
            <param index="1">
              <value>
                <![CDATA[Addr line 1 addr Line 2 addr line 3]]>
              </value>
            </param>
          </params>
          <reporter-output>
          </reporter-output>
        </test-method> <!-- TestCase12 -->
      </class> <!-- QKART_TESTNG.QKART_Tests -->
    </test> <!-- Test case execution on Chrome browser -->
  </suite> <!-- Test case suite Qkart application -->
</testng-results>
